// Jest Snapshot v1, https://goo.gl/fbAQLP

exports[`quotes component renders a list of quotes 1`] = `<ul />`;
