// Jest Snapshot v1, https://goo.gl/fbAQLP

exports[`quote component renders a quote 1`] = `
<section>
  <img
    src="/image"
  />
  <p>
    Fry
  </p>
  <p>
    What??
  </p>
</section>
`;
